src/components/GlobalAlerts.tsx(31,37): error TS2589: Type instantiation is excessively deep and possibly infinite.
src/components/GlobalAlerts.tsx(32,15): error TS2769: No overload matches this call.
  Overload 1 of 2, '(relation: "bike_models" | "parts" | "tenants" | "mechanics" | "service_orders" | "cash_registers" | "sales" | "employees" | "internal_calls" | "mechanic_jobs" | "customers" | "tenant_members" | ... 25 more ... | "whatsapp_messages"): PostgrestQueryBuilder<...>', gave the following error.
    Argument of type '"os_alertas"' is not assignable to parameter of type '"bike_models" | "parts" | "tenants" | "mechanics" | "service_orders" | "cash_registers" | "sales" | "employees" | "internal_calls" | "mechanic_jobs" | "customers" | "tenant_members" | ... 25 more ... | "whatsapp_messages"'.
  Overload 2 of 2, '(relation: "bike_models_public" | "parts_public" | "bike_model_parts_public"): PostgrestQueryBuilder<{ PostgrestVersion: "14.1"; }, { Tables: { bike_model_parts: { Row: { bike_model_id: string; id: string; ... 6 more ...; unit_cost: number; }; Insert: { ...; }; Update: { ...; }; Relationships: [...]; }; ... 36 more ...; whatsapp_messages: { ...; }; }; Views: { ...; }; Functions: { ...; }; Enums: { ...; }; CompositeTypes: {}; }, { ...; } | ... 1 more ... | { ...; }, "bike_models_public" | ... 1 more ... | "bike_model_parts_public", [] | [...]>', gave the following error.
    Argument of type '"os_alertas"' is not assignable to parameter of type '"bike_models_public" | "parts_public" | "bike_model_parts_public"'.
src/components/GlobalAlerts.tsx(37,19): error TS2352: Conversion of type '({ bike_model_id: string; id: string; notes: string; part_id: string; part_name_override: string; quantity: number; sort_order: number; tenant_id: string; unit_cost: number; mechanic_jobs: SelectQueryError<"could not find the relation between bike_models and mechanic_jobs">; } | ... 2886 more ... | { ...; })[]' to type 'Alerta[]' may be a mistake because neither type sufficiently overlaps with the other. If this was intentional, convert the expression to 'unknown' first.
  Type '{ bike_model_id: string; id: string; notes: string; part_id: string; part_name_override: string; quantity: number; sort_order: number; tenant_id: string; unit_cost: number; mechanic_jobs: SelectQueryError<"could not find the relation between bike_models and mechanic_jobs">; } | ... 2886 more ... | { ...; }' is not comparable to type 'Alerta'.
    Type '{ content: string; conversation_id: string; created_at: string; from_me: boolean; id: string; media_url: string; message_id: string; status: string; tenant_id: string; type: string; mechanic_jobs: { ...; }; }' is missing the following properties from type 'Alerta': os_id, numero_cliente, contexto, visto
src/components/GlobalAlerts.tsx(58,21): error TS2769: No overload matches this call.
  Overload 1 of 2, '(relation: "bike_models" | "parts" | "tenants" | "mechanics" | "service_orders" | "cash_registers" | "sales" | "employees" | "internal_calls" | "mechanic_jobs" | "customers" | "tenant_members" | ... 25 more ... | "whatsapp_messages"): PostgrestQueryBuilder<...>', gave the following error.
    Argument of type '"os_alertas"' is not assignable to parameter of type '"bike_models" | "parts" | "tenants" | "mechanics" | "service_orders" | "cash_registers" | "sales" | "employees" | "internal_calls" | "mechanic_jobs" | "customers" | "tenant_members" | ... 25 more ... | "whatsapp_messages"'.
  Overload 2 of 2, '(relation: "bike_models_public" | "parts_public" | "bike_model_parts_public"): PostgrestQueryBuilder<{ PostgrestVersion: "14.1"; }, { Tables: { bike_model_parts: { Row: { bike_model_id: string; id: string; ... 6 more ...; unit_cost: number; }; Insert: { ...; }; Update: { ...; }; Relationships: [...]; }; ... 36 more ...; whatsapp_messages: { ...; }; }; Views: { ...; }; Functions: { ...; }; Enums: { ...; }; CompositeTypes: {}; }, { ...; } | ... 1 more ... | { ...; }, "bike_models_public" | ... 1 more ... | "bike_model_parts_public", [] | [...]>', gave the following error.
    Argument of type '"os_alertas"' is not assignable to parameter of type '"bike_models_public" | "parts_public" | "bike_model_parts_public"'.
src/components/GlobalAlerts.tsx(62,53): error TS2352: Conversion of type '{ bike_model_id: string; id: string; notes: string; part_id: string; part_name_override: string; quantity: number; sort_order: number; tenant_id: string; unit_cost: number; mechanic_jobs: SelectQueryError<"could not find the relation between bike_models and mechanic_jobs">; } | ... 2886 more ... | { ...; }' to type 'Alerta' may be a mistake because neither type sufficiently overlaps with the other. If this was intentional, convert the expression to 'unknown' first.
  Type '{ content: string; conversation_id: string; created_at: string; from_me: boolean; id: string; media_url: string; message_id: string; status: string; tenant_id: string; type: string; mechanic_jobs: { ...; }; }' is missing the following properties from type 'Alerta': os_id, numero_cliente, contexto, visto
src/components/GlobalAlerts.tsx(70,23): error TS2769: No overload matches this call.
  Overload 1 of 2, '(relation: "bike_models" | "parts" | "tenants" | "mechanics" | "service_orders" | "cash_registers" | "sales" | "employees" | "internal_calls" | "mechanic_jobs" | "customers" | "tenant_members" | ... 25 more ... | "whatsapp_messages"): PostgrestQueryBuilder<...>', gave the following error.
    Argument of type '"os_alertas"' is not assignable to parameter of type '"bike_models" | "parts" | "tenants" | "mechanics" | "service_orders" | "cash_registers" | "sales" | "employees" | "internal_calls" | "mechanic_jobs" | "customers" | "tenant_members" | ... 25 more ... | "whatsapp_messages"'.
  Overload 2 of 2, '(relation: "bike_models_public" | "parts_public" | "bike_model_parts_public"): PostgrestQueryBuilder<{ PostgrestVersion: "14.1"; }, { Tables: { bike_model_parts: { Row: { bike_model_id: string; id: string; ... 6 more ...; unit_cost: number; }; Insert: { ...; }; Update: { ...; }; Relationships: [...]; }; ... 36 more ...; whatsapp_messages: { ...; }; }; Views: { ...; }; Functions: { ...; }; Enums: { ...; }; CompositeTypes: {}; }, { ...; } | ... 1 more ... | { ...; }, "bike_models_public" | ... 1 more ... | "bike_model_parts_public", [] | [...]>', gave the following error.
    Argument of type '"os_alertas"' is not assignable to parameter of type '"bike_models_public" | "parts_public" | "bike_model_parts_public"'.
src/components/GlobalAlerts.tsx(76,54): error TS2339: Property 'id' does not exist on type '{ bike_model_id: string; id: string; notes: string; part_id: string; part_name_override: string; quantity: number; sort_order: number; tenant_id: string; unit_cost: number; mechanic_jobs: SelectQueryError<"could not find the relation between bike_models and mechanic_jobs">; } | ... 2886 more ... | { ...; }'.
  Property 'id' does not exist on type '{ ai_enabled: boolean; instance_name: string; updated_at: string; mechanic_jobs: SelectQueryError<"could not find the relation between bike_models and mechanic_jobs">; }'.
src/components/GlobalAlerts.tsx(77,36): error TS2352: Conversion of type '{ bike_model_id: string; id: string; notes: string; part_id: string; part_name_override: string; quantity: number; sort_order: number; tenant_id: string; unit_cost: number; mechanic_jobs: SelectQueryError<"could not find the relation between bike_models and mechanic_jobs">; } | ... 2886 more ... | { ...; }' to type 'Alerta' may be a mistake because neither type sufficiently overlaps with the other. If this was intentional, convert the expression to 'unknown' first.
  Type '{ content: string; conversation_id: string; created_at: string; from_me: boolean; id: string; media_url: string; message_id: string; status: string; tenant_id: string; type: string; mechanic_jobs: { ...; }; }' is missing the following properties from type 'Alerta': os_id, numero_cliente, contexto, visto
src/components/GlobalAlerts.tsx(96,25): error TS2769: No overload matches this call.
  Overload 1 of 2, '(relation: "bike_models" | "parts" | "tenants" | "mechanics" | "service_orders" | "cash_registers" | "sales" | "employees" | "internal_calls" | "mechanic_jobs" | "customers" | "tenant_members" | ... 25 more ... | "whatsapp_messages"): PostgrestQueryBuilder<...>', gave the following error.
    Argument of type '"os_alertas"' is not assignable to parameter of type '"bike_models" | "parts" | "tenants" | "mechanics" | "service_orders" | "cash_registers" | "sales" | "employees" | "internal_calls" | "mechanic_jobs" | "customers" | "tenant_members" | ... 25 more ... | "whatsapp_messages"'.
  Overload 2 of 2, '(relation: "bike_models_public" | "parts_public" | "bike_model_parts_public"): PostgrestQueryBuilder<{ PostgrestVersion: "14.1"; }, { Tables: { bike_model_parts: { Row: { bike_model_id: string; id: string; ... 6 more ...; unit_cost: number; }; Insert: { ...; }; Update: { ...; }; Relationships: [...]; }; ... 36 more ...; whatsapp_messages: { ...; }; }; Views: { ...; }; Functions: { ...; }; Enums: { ...; }; CompositeTypes: {}; }, { ...; } | ... 1 more ... | { ...; }, "bike_models_public" | ... 1 more ... | "bike_model_parts_public", [] | [...]>', gave the following error.
    Argument of type '"os_alertas"' is not assignable to parameter of type '"bike_models_public" | "parts_public" | "bike_model_parts_public"'.
src/components/GlobalAlerts.tsx(96,48): error TS2353: Object literal may only specify known properties, and 'visto' does not exist in type '{ bike_model_id?: string; id?: string; notes?: string; part_id?: string; part_name_override?: string; quantity?: number; sort_order?: number; tenant_id?: string; unit_cost?: number; } | { alert_stock?: number; ... 29 more ...; weight_kg?: number; } | ... 35 more ... | { ...; }'.
src/components/GlobalAlerts.tsx(188,37): error TS2769: No overload matches this call.
  Overload 1 of 2, '(relation: "bike_models" | "parts" | "tenants" | "mechanics" | "service_orders" | "cash_registers" | "sales" | "employees" | "internal_calls" | "mechanic_jobs" | "customers" | "tenant_members" | ... 25 more ... | "whatsapp_messages"): PostgrestQueryBuilder<...>', gave the following error.
    Argument of type '"os_alertas"' is not assignable to parameter of type '"bike_models" | "parts" | "tenants" | "mechanics" | "service_orders" | "cash_registers" | "sales" | "employees" | "internal_calls" | "mechanic_jobs" | "customers" | "tenant_members" | ... 25 more ... | "whatsapp_messages"'.
  Overload 2 of 2, '(relation: "bike_models_public" | "parts_public" | "bike_model_parts_public"): PostgrestQueryBuilder<{ PostgrestVersion: "14.1"; }, { Tables: { bike_model_parts: { Row: { bike_model_id: string; id: string; ... 6 more ...; unit_cost: number; }; Insert: { ...; }; Update: { ...; }; Relationships: [...]; }; ... 36 more ...; whatsapp_messages: { ...; }; }; Views: { ...; }; Functions: { ...; }; Enums: { ...; }; CompositeTypes: {}; }, { ...; } | ... 1 more ... | { ...; }, "bike_models_public" | ... 1 more ... | "bike_model_parts_public", [] | [...]>', gave the following error.
    Argument of type '"os_alertas"' is not assignable to parameter of type '"bike_models_public" | "parts_public" | "bike_model_parts_public"'.
src/components/GlobalAlerts.tsx(188,60): error TS2353: Object literal may only specify known properties, and 'visto' does not exist in type '{ bike_model_id?: string; id?: string; notes?: string; part_id?: string; part_name_override?: string; quantity?: number; sort_order?: number; tenant_id?: string; unit_cost?: number; } | { alert_stock?: number; ... 29 more ...; weight_kg?: number; } | ... 35 more ... | { ...; }'.
src/components/parts/PartDrawer.tsx(85,24): error TS2345: Argument of type '{ name?: string; description?: string; unit_cost?: number; alert_stock?: number; category?: string; price_ecommerce?: number; price_store?: number; sku?: string; stock_qty?: number; visible_on_storefront?: boolean; }[K]' is not assignable to parameter of type 'K extends `${infer K}.${infer R}` ? K extends optionalKeys<baseObjectOutputType<{ name: ZodString; sku: ZodOptional<ZodString>; category: ZodOptional<ZodString>; ... 6 more ...; description: ZodOptional<...>; }>> ? PathValueImpl<...> : K extends `${number}` ? never : never : K extends optionalKeys<...> ? { ...; }[K]...'.
  Type 'string | number | boolean' is not assignable to type 'K extends `${infer K}.${infer R}` ? K extends optionalKeys<baseObjectOutputType<{ name: ZodString; sku: ZodOptional<ZodString>; category: ZodOptional<ZodString>; ... 6 more ...; description: ZodOptional<...>; }>> ? PathValueImpl<...> : K extends `${number}` ? never : never : K extends optionalKeys<...> ? { ...; }[K]...'.
    Type 'string' is not assignable to type 'K extends `${infer K}.${infer R}` ? K extends optionalKeys<baseObjectOutputType<{ name: ZodString; sku: ZodOptional<ZodString>; category: ZodOptional<ZodString>; ... 6 more ...; description: ZodOptional<...>; }>> ? PathValueImpl<...> : K extends `${number}` ? never : never : K extends optionalKeys<...> ? { ...; }[K]...'.
      Type 'addQuestionMarks<baseObjectOutputType<{ name: ZodString; sku: ZodOptional<ZodString>; category: ZodOptional<ZodString>; stock_qty: ZodDefault<ZodNumber>; ... 5 more ...; description: ZodOptional<...>; }>, any>[K]' is not assignable to type 'K extends `${infer K}.${infer R}` ? K extends optionalKeys<baseObjectOutputType<{ name: ZodString; sku: ZodOptional<ZodString>; category: ZodOptional<ZodString>; ... 6 more ...; description: ZodOptional<...>; }>> ? PathValueImpl<...> : K extends `${number}` ? never : never : K extends optionalKeys<...> ? { ...; }[K]...'.
        Type 'string | number | boolean' is not assignable to type 'K extends `${infer K}.${infer R}` ? K extends optionalKeys<baseObjectOutputType<{ name: ZodString; sku: ZodOptional<ZodString>; category: ZodOptional<ZodString>; ... 6 more ...; description: ZodOptional<...>; }>> ? PathValueImpl<...> : K extends `${number}` ? never : never : K extends optionalKeys<...> ? { ...; }[K]...'.
          Type 'string' is not assignable to type 'K extends `${infer K}.${infer R}` ? K extends optionalKeys<baseObjectOutputType<{ name: ZodString; sku: ZodOptional<ZodString>; category: ZodOptional<ZodString>; ... 6 more ...; description: ZodOptional<...>; }>> ? PathValueImpl<...> : K extends `${number}` ? never : never : K extends optionalKeys<...> ? { ...; }[K]...'.
src/hooks/useBikeServiceHistory.ts(96,42): error TS2589: Type instantiation is excessively deep and possibly infinite.
src/hooks/useOSPhotos.ts(29,14): error TS2352: Conversion of type '(SelectQueryError<"Invalid Relationships cannot infer result type"> | SelectQueryError<"Invalid RelationName cannot infer result type">)[]' to type 'OSPhoto[]' may be a mistake because neither type sufficiently overlaps with the other. If this was intentional, convert the expression to 'unknown' first.
  Type 'SelectQueryError<"Invalid Relationships cannot infer result type"> | SelectQueryError<"Invalid RelationName cannot infer result type">' is not comparable to type 'OSPhoto'.
    Type '{ error: true; } & String' is missing the following properties from type 'OSPhoto': id, os_id, url, tipo, and 2 more.
src/hooks/useStoreSales.ts(80,15): error TS2769: No overload matches this call.
  Overload 1 of 2, '(relation: "bike_models" | "parts" | "tenants" | "mechanics" | "service_orders" | "cash_registers" | "sales" | "employees" | "internal_calls" | "mechanic_jobs" | "customers" | "tenant_members" | ... 25 more ... | "whatsapp_messages"): PostgrestQueryBuilder<...>', gave the following error.
    Argument of type '"store_sales"' is not assignable to parameter of type '"bike_models" | "parts" | "tenants" | "mechanics" | "service_orders" | "cash_registers" | "sales" | "employees" | "internal_calls" | "mechanic_jobs" | "customers" | "tenant_members" | ... 25 more ... | "whatsapp_messages"'.
  Overload 2 of 2, '(relation: "bike_models_public" | "parts_public" | "bike_model_parts_public"): PostgrestQueryBuilder<{ PostgrestVersion: "14.1"; }, { Tables: { bike_model_parts: { Row: { bike_model_id: string; id: string; ... 6 more ...; unit_cost: number; }; Insert: { ...; }; Update: { ...; }; Relationships: [...]; }; ... 36 more ...; whatsapp_messages: { ...; }; }; Views: { ...; }; Functions: { ...; }; Enums: { ...; }; CompositeTypes: {}; }, { ...; } | ... 1 more ... | { ...; }, "bike_models_public" | ... 1 more ... | "bike_model_parts_public", [] | [...]>', gave the following error.
    Argument of type '"store_sales"' is not assignable to parameter of type '"bike_models_public" | "parts_public" | "bike_model_parts_public"'.
src/hooks/useStoreSales.ts(86,14): error TS2352: Conversion of type '({ total_amount: any; status_label: string; audio_duration: number; audio_url: string; created_at: string; created_by: string; created_by_name: string; id: string; message: string; target_role: string; target_type: string; target_user_id: string; tenant_id: string; } | ... 36 more ... | { ...; })[]' to type 'StoreSale[]' may be a mistake because neither type sufficiently overlaps with the other. If this was intentional, convert the expression to 'unknown' first.
  Type '{ total_amount: any; status_label: string; audio_duration: number; audio_url: string; created_at: string; created_by: string; created_by_name: string; id: string; message: string; target_role: string; target_type: string; target_user_id: string; tenant_id: string; } | ... 36 more ... | { ...; }' is not comparable to type 'StoreSale'.
    Type '{ total_amount: any; status_label: string; content: string; conversation_id: string; created_at: string; from_me: boolean; id: string; media_url: string; message_id: string; status: string; tenant_id: string; type: string; }' is missing the following properties from type 'StoreSale': external_reference, payment_id, status_detail, customer_name, and 10 more.
src/hooks/useStoreSales.ts(88,28): error TS2339: Property 'transaction_amount' does not exist on type '{ audio_duration: number; audio_url: string; created_at: string; created_by: string; created_by_name: string; id: string; message: string; target_role: string; target_type: string; target_user_id: string; tenant_id: string; } | ... 36 more ... | { ...; }'.
  Property 'transaction_amount' does not exist on type '{ audio_duration: number; audio_url: string; created_at: string; created_by: string; created_by_name: string; id: string; message: string; target_role: string; target_type: string; target_user_id: string; tenant_id: string; }'.
src/hooks/useStoreSales.ts(89,38): error TS2339: Property 'status_detail' does not exist on type '{ audio_duration: number; audio_url: string; created_at: string; created_by: string; created_by_name: string; id: string; message: string; target_role: string; target_type: string; target_user_id: string; tenant_id: string; } | ... 36 more ... | { ...; }'.
  Property 'status_detail' does not exist on type '{ audio_duration: number; audio_url: string; created_at: string; created_by: string; created_by_name: string; id: string; message: string; target_role: string; target_type: string; target_user_id: string; tenant_id: string; }'.
src/hooks/useStoreSales.ts(89,77): error TS2339: Property 'status' does not exist on type '{ audio_duration: number; audio_url: string; created_at: string; created_by: string; created_by_name: string; id: string; message: string; target_role: string; target_type: string; target_user_id: string; tenant_id: string; } | ... 36 more ... | { ...; }'.
  Property 'status' does not exist on type '{ audio_duration: number; audio_url: string; created_at: string; created_by: string; created_by_name: string; id: string; message: string; target_role: string; target_type: string; target_user_id: string; tenant_id: string; }'.
src/hooks/useStoreSales.ts(89,94): error TS2339: Property 'status' does not exist on type '{ audio_duration: number; audio_url: string; created_at: string; created_by: string; created_by_name: string; id: string; message: string; target_role: string; target_type: string; target_user_id: string; tenant_id: string; } | ... 36 more ... | { ...; }'.
  Property 'status' does not exist on type '{ audio_duration: number; audio_url: string; created_at: string; created_by: string; created_by_name: string; id: string; message: string; target_role: string; target_type: string; target_user_id: string; tenant_id: string; }'.
src/hooks/useWhatsApp.ts(111,20): error TS2352: Conversion of type '(SelectQueryError<"Invalid Relationships cannot infer result type"> | SelectQueryError<"Invalid RelationName cannot infer result type">)[]' to type 'Conversation[]' may be a mistake because neither type sufficiently overlaps with the other. If this was intentional, convert the expression to 'unknown' first.
  Type 'SelectQueryError<"Invalid Relationships cannot infer result type"> | SelectQueryError<"Invalid RelationName cannot infer result type">' is not comparable to type 'Conversation'.
    Type '{ error: true; } & String' is missing the following properties from type 'Conversation': id, contact_phone, contact_name, contact_photo, and 8 more.
src/hooks/useWhatsApp.ts(450,15): error TS2769: No overload matches this call.
  Overload 1 of 2, '(relation: "bike_models" | "parts" | "tenants" | "mechanics" | "service_orders" | "cash_registers" | "sales" | "employees" | "internal_calls" | "mechanic_jobs" | "customers" | "tenant_members" | ... 25 more ... | "whatsapp_messages"): PostgrestQueryBuilder<...>', gave the following error.
    Argument of type '"whatsapp_labels"' is not assignable to parameter of type '"bike_models" | "parts" | "tenants" | "mechanics" | "service_orders" | "cash_registers" | "sales" | "employees" | "internal_calls" | "mechanic_jobs" | "customers" | "tenant_members" | ... 25 more ... | "whatsapp_messages"'.
  Overload 2 of 2, '(relation: "bike_models_public" | "parts_public" | "bike_model_parts_public"): PostgrestQueryBuilder<{ PostgrestVersion: "14.1"; }, { Tables: { bike_model_parts: { Row: { bike_model_id: string; id: string; ... 6 more ...; unit_cost: number; }; Insert: { ...; }; Update: { ...; }; Relationships: [...]; }; ... 36 more ...; whatsapp_messages: { ...; }; }; Views: { ...; }; Functions: { ...; }; Enums: { ...; }; CompositeTypes: {}; }, { ...; } | ... 1 more ... | { ...; }, "bike_models_public" | ... 1 more ... | "bike_model_parts_public", [] | [...]>', gave the following error.
    Argument of type '"whatsapp_labels"' is not assignable to parameter of type '"bike_models_public" | "parts_public" | "bike_model_parts_public"'.
src/hooks/useWhatsApp.ts(454,14): error TS2352: Conversion of type '({ audio_duration: number; audio_url: string; created_at: string; created_by: string; created_by_name: string; id: string; message: string; target_role: string; target_type: string; target_user_id: string; tenant_id: string; } | ... 36 more ... | { ...; })[]' to type 'Label[]' may be a mistake because neither type sufficiently overlaps with the other. If this was intentional, convert the expression to 'unknown' first.
  Type '{ audio_duration: number; audio_url: string; created_at: string; created_by: string; created_by_name: string; id: string; message: string; target_role: string; target_type: string; target_user_id: string; tenant_id: string; } | ... 36 more ... | { ...; }' is not comparable to type 'Label'.
    Type '{ content: string; conversation_id: string; created_at: string; from_me: boolean; id: string; media_url: string; message_id: string; status: string; tenant_id: string; type: string; }' is missing the following properties from type 'Label': name, color, priority
src/hooks/useWhatsApp.ts(464,15): error TS2769: No overload matches this call.
  Overload 1 of 2, '(relation: "bike_models" | "parts" | "tenants" | "mechanics" | "service_orders" | "cash_registers" | "sales" | "employees" | "internal_calls" | "mechanic_jobs" | "customers" | "tenant_members" | ... 25 more ... | "whatsapp_messages"): PostgrestQueryBuilder<...>', gave the following error.
    Argument of type '"whatsapp_labels"' is not assignable to parameter of type '"bike_models" | "parts" | "tenants" | "mechanics" | "service_orders" | "cash_registers" | "sales" | "employees" | "internal_calls" | "mechanic_jobs" | "customers" | "tenant_members" | ... 25 more ... | "whatsapp_messages"'.
  Overload 2 of 2, '(relation: "bike_models_public" | "parts_public" | "bike_model_parts_public"): PostgrestQueryBuilder<{ PostgrestVersion: "14.1"; }, { Tables: { bike_model_parts: { Row: { bike_model_id: string; id: string; ... 6 more ...; unit_cost: number; }; Insert: { ...; }; Update: { ...; }; Relationships: [...]; }; ... 36 more ...; whatsapp_messages: { ...; }; }; Views: { ...; }; Functions: { ...; }; Enums: { ...; }; CompositeTypes: {}; }, { ...; } | ... 1 more ... | { ...; }, "bike_models_public" | ... 1 more ... | "bike_model_parts_public", [] | [...]>', gave the following error.
    Argument of type '"whatsapp_labels"' is not assignable to parameter of type '"bike_models_public" | "parts_public" | "bike_model_parts_public"'.
src/hooks/useWhatsApp.ts(482,15): error TS2769: No overload matches this call.
  Overload 1 of 2, '(relation: "bike_models" | "parts" | "tenants" | "mechanics" | "service_orders" | "cash_registers" | "sales" | "employees" | "internal_calls" | "mechanic_jobs" | "customers" | "tenant_members" | ... 25 more ... | "whatsapp_messages"): PostgrestQueryBuilder<...>', gave the following error.
    Argument of type '"whatsapp_labels"' is not assignable to parameter of type '"bike_models" | "parts" | "tenants" | "mechanics" | "service_orders" | "cash_registers" | "sales" | "employees" | "internal_calls" | "mechanic_jobs" | "customers" | "tenant_members" | ... 25 more ... | "whatsapp_messages"'.
  Overload 2 of 2, '(relation: "bike_models_public" | "parts_public" | "bike_model_parts_public"): PostgrestQueryBuilder<{ PostgrestVersion: "14.1"; }, { Tables: { bike_model_parts: { Row: { bike_model_id: string; id: string; ... 6 more ...; unit_cost: number; }; Insert: { ...; }; Update: { ...; }; Relationships: [...]; }; ... 36 more ...; whatsapp_messages: { ...; }; }; Views: { ...; }; Functions: { ...; }; Enums: { ...; }; CompositeTypes: {}; }, { ...; } | ... 1 more ... | { ...; }, "bike_models_public" | ... 1 more ... | "bike_model_parts_public", [] | [...]>', gave the following error.
    Argument of type '"whatsapp_labels"' is not assignable to parameter of type '"bike_models_public" | "parts_public" | "bike_model_parts_public"'.
src/hooks/useWhatsApp.ts(519,37): error TS2589: Type instantiation is excessively deep and possibly infinite.
src/hooks/useWhatsApp.ts(520,15): error TS2769: No overload matches this call.
  Overload 1 of 2, '(relation: "bike_models" | "parts" | "tenants" | "mechanics" | "service_orders" | "cash_registers" | "sales" | "employees" | "internal_calls" | "mechanic_jobs" | "customers" | "tenant_members" | ... 25 more ... | "whatsapp_messages"): PostgrestQueryBuilder<...>', gave the following error.
    Argument of type '"whatsapp_labels"' is not assignable to parameter of type '"bike_models" | "parts" | "tenants" | "mechanics" | "service_orders" | "cash_registers" | "sales" | "employees" | "internal_calls" | "mechanic_jobs" | "customers" | "tenant_members" | ... 25 more ... | "whatsapp_messages"'.
  Overload 2 of 2, '(relation: "bike_models_public" | "parts_public" | "bike_model_parts_public"): PostgrestQueryBuilder<{ PostgrestVersion: "14.1"; }, { Tables: { bike_model_parts: { Row: { bike_model_id: string; id: string; ... 6 more ...; unit_cost: number; }; Insert: { ...; }; Update: { ...; }; Relationships: [...]; }; ... 36 more ...; whatsapp_messages: { ...; }; }; Views: { ...; }; Functions: { ...; }; Enums: { ...; }; CompositeTypes: {}; }, { ...; } | ... 1 more ... | { ...; }, "bike_models_public" | ... 1 more ... | "bike_model_parts_public", [] | [...]>', gave the following error.
    Argument of type '"whatsapp_labels"' is not assignable to parameter of type '"bike_models_public" | "parts_public" | "bike_model_parts_public"'.
src/hooks/useWhatsApp.ts(540,15): error TS2769: No overload matches this call.
  Overload 1 of 2, '(relation: "bike_models" | "parts" | "tenants" | "mechanics" | "service_orders" | "cash_registers" | "sales" | "employees" | "internal_calls" | "mechanic_jobs" | "customers" | "tenant_members" | ... 25 more ... | "whatsapp_messages"): PostgrestQueryBuilder<...>', gave the following error.
    Argument of type '"whatsapp_conversation_labels"' is not assignable to parameter of type '"bike_models" | "parts" | "tenants" | "mechanics" | "service_orders" | "cash_registers" | "sales" | "employees" | "internal_calls" | "mechanic_jobs" | "customers" | "tenant_members" | ... 25 more ... | "whatsapp_messages"'.
  Overload 2 of 2, '(relation: "bike_models_public" | "parts_public" | "bike_model_parts_public"): PostgrestQueryBuilder<{ PostgrestVersion: "14.1"; }, { Tables: { bike_model_parts: { Row: { bike_model_id: string; id: string; ... 6 more ...; unit_cost: number; }; Insert: { ...; }; Update: { ...; }; Relationships: [...]; }; ... 36 more ...; whatsapp_messages: { ...; }; }; Views: { ...; }; Functions: { ...; }; Enums: { ...; }; CompositeTypes: {}; }, { ...; } | ... 1 more ... | { ...; }, "bike_models_public" | ... 1 more ... | "bike_model_parts_public", [] | [...]>', gave the following error.
    Argument of type '"whatsapp_conversation_labels"' is not assignable to parameter of type '"bike_models_public" | "parts_public" | "bike_model_parts_public"'.
src/hooks/useWhatsApp.ts(579,15): error TS2769: No overload matches this call.
  Overload 1 of 2, '(relation: "bike_models" | "parts" | "tenants" | "mechanics" | "service_orders" | "cash_registers" | "sales" | "employees" | "internal_calls" | "mechanic_jobs" | "customers" | "tenant_members" | ... 25 more ... | "whatsapp_messages"): PostgrestQueryBuilder<...>', gave the following error.
    Argument of type '"whatsapp_conversation_labels"' is not assignable to parameter of type '"bike_models" | "parts" | "tenants" | "mechanics" | "service_orders" | "cash_registers" | "sales" | "employees" | "internal_calls" | "mechanic_jobs" | "customers" | "tenant_members" | ... 25 more ... | "whatsapp_messages"'.
  Overload 2 of 2, '(relation: "bike_models_public" | "parts_public" | "bike_model_parts_public"): PostgrestQueryBuilder<{ PostgrestVersion: "14.1"; }, { Tables: { bike_model_parts: { Row: { bike_model_id: string; id: string; ... 6 more ...; unit_cost: number; }; Insert: { ...; }; Update: { ...; }; Relationships: [...]; }; ... 36 more ...; whatsapp_messages: { ...; }; }; Views: { ...; }; Functions: { ...; }; Enums: { ...; }; CompositeTypes: {}; }, { ...; } | ... 1 more ... | { ...; }, "bike_models_public" | ... 1 more ... | "bike_model_parts_public", [] | [...]>', gave the following error.
    Argument of type '"whatsapp_conversation_labels"' is not assignable to parameter of type '"bike_models_public" | "parts_public" | "bike_model_parts_public"'.
src/pages/Agenda.tsx(51,13): error TS2769: No overload matches this call.
  Overload 1 of 2, '(relation: "bike_models" | "parts" | "tenants" | "mechanics" | "service_orders" | "cash_registers" | "sales" | "employees" | "internal_calls" | "mechanic_jobs" | "customers" | "tenant_members" | ... 25 more ... | "whatsapp_messages"): PostgrestQueryBuilder<...>', gave the following error.
    Argument of type '"agenda"' is not assignable to parameter of type '"bike_models" | "parts" | "tenants" | "mechanics" | "service_orders" | "cash_registers" | "sales" | "employees" | "internal_calls" | "mechanic_jobs" | "customers" | "tenant_members" | ... 25 more ... | "whatsapp_messages"'.
  Overload 2 of 2, '(relation: "bike_models_public" | "parts_public" | "bike_model_parts_public"): PostgrestQueryBuilder<{ PostgrestVersion: "14.1"; }, { Tables: { bike_model_parts: { Row: { bike_model_id: string; id: string; ... 6 more ...; unit_cost: number; }; Insert: { ...; }; Update: { ...; }; Relationships: [...]; }; ... 36 more ...; whatsapp_messages: { ...; }; }; Views: { ...; }; Functions: { ...; }; Enums: { ...; }; CompositeTypes: {}; }, { ...; } | ... 1 more ... | { ...; }, "bike_models_public" | ... 1 more ... | "bike_model_parts_public", [] | [...]>', gave the following error.
    Argument of type '"agenda"' is not assignable to parameter of type '"bike_models_public" | "parts_public" | "bike_model_parts_public"'.
src/pages/Agenda.tsx(59,16): error TS2345: Argument of type '({ audio_duration: number; audio_url: string; created_at: string; created_by: string; created_by_name: string; id: string; message: string; target_role: string; target_type: string; target_user_id: string; tenant_id: string; } | ... 36 more ... | { ...; })[]' is not assignable to parameter of type 'SetStateAction<AgendaItem[]>'.
  Type '({ audio_duration: number; audio_url: string; created_at: string; created_by: string; created_by_name: string; id: string; message: string; target_role: string; target_type: string; target_user_id: string; tenant_id: string; } | ... 36 more ... | { ...; })[]' is not assignable to type 'AgendaItem[]'.
    Type '{ audio_duration: number; audio_url: string; created_at: string; created_by: string; created_by_name: string; id: string; message: string; target_role: string; target_type: string; target_user_id: string; tenant_id: string; } | ... 36 more ... | { ...; }' is not assignable to type 'AgendaItem'.
      Type '{ audio_duration: number; audio_url: string; created_at: string; created_by: string; created_by_name: string; id: string; message: string; target_role: string; target_type: string; target_user_id: string; tenant_id: string; }' is missing the following properties from type 'AgendaItem': titulo, descricao, tipo, data_inicio, and 2 more.
src/pages/Agenda.tsx(94,29): error TS2769: No overload matches this call.
  Overload 1 of 2, '(relation: "bike_models" | "parts" | "tenants" | "mechanics" | "service_orders" | "cash_registers" | "sales" | "employees" | "internal_calls" | "mechanic_jobs" | "customers" | "tenant_members" | ... 25 more ... | "whatsapp_messages"): PostgrestQueryBuilder<...>', gave the following error.
    Argument of type '"agenda"' is not assignable to parameter of type '"bike_models" | "parts" | "tenants" | "mechanics" | "service_orders" | "cash_registers" | "sales" | "employees" | "internal_calls" | "mechanic_jobs" | "customers" | "tenant_members" | ... 25 more ... | "whatsapp_messages"'.
  Overload 2 of 2, '(relation: "bike_models_public" | "parts_public" | "bike_model_parts_public"): PostgrestQueryBuilder<{ PostgrestVersion: "14.1"; }, { Tables: { bike_model_parts: { Row: { bike_model_id: string; id: string; ... 6 more ...; unit_cost: number; }; Insert: { ...; }; Update: { ...; }; Relationships: [...]; }; ... 36 more ...; whatsapp_messages: { ...; }; }; Views: { ...; }; Functions: { ...; }; Enums: { ...; }; CompositeTypes: {}; }, { ...; } | ... 1 more ... | { ...; }, "bike_models_public" | ... 1 more ... | "bike_model_parts_public", [] | [...]>', gave the following error.
    Argument of type '"agenda"' is not assignable to parameter of type '"bike_models_public" | "parts_public" | "bike_model_parts_public"'.
src/pages/Agenda.tsx(94,46): error TS2345: Argument of type '{ titulo: string; descricao: string; tipo: "evento" | "periodo" | "lembrete"; data_inicio: string; data_fim: string; dia_inteiro: boolean; }' is not assignable to parameter of type '{ bike_model_id?: string; id?: string; notes?: string; part_id?: string; part_name_override?: string; quantity?: number; sort_order?: number; tenant_id?: string; unit_cost?: number; } | { alert_stock?: number; ... 29 more ...; weight_kg?: number; } | ... 35 more ... | { ...; }'.
src/pages/Agenda.tsx(95,29): error TS2769: No overload matches this call.
  Overload 1 of 2, '(relation: "bike_models" | "parts" | "tenants" | "mechanics" | "service_orders" | "cash_registers" | "sales" | "employees" | "internal_calls" | "mechanic_jobs" | "customers" | "tenant_members" | ... 25 more ... | "whatsapp_messages"): PostgrestQueryBuilder<...>', gave the following error.
    Argument of type '"agenda"' is not assignable to parameter of type '"bike_models" | "parts" | "tenants" | "mechanics" | "service_orders" | "cash_registers" | "sales" | "employees" | "internal_calls" | "mechanic_jobs" | "customers" | "tenant_members" | ... 25 more ... | "whatsapp_messages"'.
  Overload 2 of 2, '(relation: "bike_models_public" | "parts_public" | "bike_model_parts_public"): PostgrestQueryBuilder<{ PostgrestVersion: "14.1"; }, { Tables: { bike_model_parts: { Row: { bike_model_id: string; id: string; ... 6 more ...; unit_cost: number; }; Insert: { ...; }; Update: { ...; }; Relationships: [...]; }; ... 36 more ...; whatsapp_messages: { ...; }; }; Views: { ...; }; Functions: { ...; }; Enums: { ...; }; CompositeTypes: {}; }, { ...; } | ... 1 more ... | { ...; }, "bike_models_public" | ... 1 more ... | "bike_model_parts_public", [] | [...]>', gave the following error.
    Argument of type '"agenda"' is not assignable to parameter of type '"bike_models_public" | "parts_public" | "bike_model_parts_public"'.
src/pages/Agenda.tsx(95,39): error TS2769: No overload matches this call.
  Overload 1 of 2, '(values: { bike_model_id: string; id?: string; notes?: string; part_id?: string; part_name_override?: string; quantity?: number; sort_order?: number; tenant_id?: string; unit_cost?: number; } | { alert_stock?: number; ... 29 more ...; weight_kg?: number; } | ... 35 more ... | { ...; }, options?: { ...; }): PostgrestFilterBuilder<...>', gave the following error.
    Argument of type '{ titulo: string; descricao: string; tipo: "evento" | "periodo" | "lembrete"; data_inicio: string; data_fim: string; dia_inteiro: boolean; }[]' is not assignable to parameter of type '{ bike_model_id: string; id?: string; notes?: string; part_id?: string; part_name_override?: string; quantity?: number; sort_order?: number; tenant_id?: string; unit_cost?: number; } | { alert_stock?: number; ... 29 more ...; weight_kg?: number; } | ... 35 more ... | { ...; }'.
  Overload 2 of 2, '(values: ({ bike_model_id: string; id?: string; notes?: string; part_id?: string; part_name_override?: string; quantity?: number; sort_order?: number; tenant_id?: string; unit_cost?: number; } | { alert_stock?: number; ... 29 more ...; weight_kg?: number; } | ... 35 more ... | { ...; })[], options?: { ...; }): PostgrestFilterBuilder<...>', gave the following error.
    Type '{ titulo: string; descricao: string; tipo: "evento" | "periodo" | "lembrete"; data_inicio: string; data_fim: string; dia_inteiro: boolean; }' is not assignable to type '{ bike_model_id: string; id?: string; notes?: string; part_id?: string; part_name_override?: string; quantity?: number; sort_order?: number; tenant_id?: string; unit_cost?: number; } | { alert_stock?: number; ... 29 more ...; weight_kg?: number; } | ... 35 more ... | { ...; }'.
src/pages/Agenda.tsx(135,43): error TS2769: No overload matches this call.
  Overload 1 of 2, '(relation: "bike_models" | "parts" | "tenants" | "mechanics" | "service_orders" | "cash_registers" | "sales" | "employees" | "internal_calls" | "mechanic_jobs" | "customers" | "tenant_members" | ... 25 more ... | "whatsapp_messages"): PostgrestQueryBuilder<...>', gave the following error.
    Argument of type '"agenda"' is not assignable to parameter of type '"bike_models" | "parts" | "tenants" | "mechanics" | "service_orders" | "cash_registers" | "sales" | "employees" | "internal_calls" | "mechanic_jobs" | "customers" | "tenant_members" | ... 25 more ... | "whatsapp_messages"'.
  Overload 2 of 2, '(relation: "bike_models_public" | "parts_public" | "bike_model_parts_public"): PostgrestQueryBuilder<{ PostgrestVersion: "14.1"; }, { Tables: { bike_model_parts: { Row: { bike_model_id: string; id: string; ... 6 more ...; unit_cost: number; }; Insert: { ...; }; Update: { ...; }; Relationships: [...]; }; ... 36 more ...; whatsapp_messages: { ...; }; }; Views: { ...; }; Functions: { ...; }; Enums: { ...; }; CompositeTypes: {}; }, { ...; } | ... 1 more ... | { ...; }, "bike_models_public" | ... 1 more ... | "bike_model_parts_public", [] | [...]>', gave the following error.
    Argument of type '"agenda"' is not assignable to parameter of type '"bike_models_public" | "parts_public" | "bike_model_parts_public"'.
src/pages/DeveloperTasks.tsx(44,14): error TS2352: Conversion of type '(SelectQueryError<"Invalid Relationships cannot infer result type"> | SelectQueryError<"Invalid RelationName cannot infer result type">)[]' to type 'DeveloperTask[]' may be a mistake because neither type sufficiently overlaps with the other. If this was intentional, convert the expression to 'unknown' first.
  Type 'SelectQueryError<"Invalid Relationships cannot infer result type"> | SelectQueryError<"Invalid RelationName cannot infer result type">' is not comparable to type 'DeveloperTask'.
    Type '{ error: true; } & String' is missing the following properties from type 'DeveloperTask': id, title, description, deadline, and 2 more.
src/pages/Mecanica.tsx(190,21): error TS2345: Argument of type 'SelectQueryError<"Invalid Relationships cannot infer result type"> | SelectQueryError<"Invalid RelationName cannot infer result type">' is not assignable to parameter of type 'SetStateAction<{ id: string; ai_enabled: boolean; human_takeover: boolean; }>'.
  Type 'SelectQueryError<"Invalid Relationships cannot infer result type">' is not assignable to type 'SetStateAction<{ id: string; ai_enabled: boolean; human_takeover: boolean; }>'.
src/pages/Mecanica.tsx(193,19): error TS2339: Property 'id' does not exist on type 'SelectQueryError<"Invalid Relationships cannot infer result type"> | SelectQueryError<"Invalid RelationName cannot infer result type">'.
  Property 'id' does not exist on type 'SelectQueryError<"Invalid Relationships cannot infer result type">'.
src/pages/Mecanica.tsx(197,41): error TS2339: Property 'id' does not exist on type 'SelectQueryError<"Invalid Relationships cannot infer result type"> | SelectQueryError<"Invalid RelationName cannot infer result type">'.
  Property 'id' does not exist on type 'SelectQueryError<"Invalid Relationships cannot infer result type">'.
src/pages/Mecanica.tsx(201,21): error TS2345: Argument of type '(SelectQueryError<"Invalid Relationships cannot infer result type"> | SelectQueryError<"Invalid RelationName cannot infer result type">)[]' is not assignable to parameter of type 'SetStateAction<{ content: string; created_at: string; }[]>'.
  Type '(SelectQueryError<"Invalid Relationships cannot infer result type"> | SelectQueryError<"Invalid RelationName cannot infer result type">)[]' is not assignable to type '{ content: string; created_at: string; }[]'.
    Type 'SelectQueryError<"Invalid Relationships cannot infer result type"> | SelectQueryError<"Invalid RelationName cannot infer result type">' is not assignable to type '{ content: string; created_at: string; }'.
      Type '{ error: true; } & String' is missing the following properties from type '{ content: string; created_at: string; }': content, created_at
src/pages/Mecanica.tsx(236,40): error TS2589: Type instantiation is excessively deep and possibly infinite.
src/pages/Mecanica.tsx(237,17): error TS2769: No overload matches this call.
  Overload 1 of 2, '(relation: "bike_models" | "parts" | "tenants" | "mechanics" | "service_orders" | "cash_registers" | "sales" | "employees" | "internal_calls" | "mechanic_jobs" | "customers" | "tenant_members" | ... 25 more ... | "whatsapp_messages"): PostgrestQueryBuilder<...>', gave the following error.
    Argument of type '"os_pagamentos"' is not assignable to parameter of type '"bike_models" | "parts" | "tenants" | "mechanics" | "service_orders" | "cash_registers" | "sales" | "employees" | "internal_calls" | "mechanic_jobs" | "customers" | "tenant_members" | ... 25 more ... | "whatsapp_messages"'.
  Overload 2 of 2, '(relation: "bike_models_public" | "parts_public" | "bike_model_parts_public"): PostgrestQueryBuilder<{ PostgrestVersion: "14.1"; }, { Tables: { bike_model_parts: { Row: { bike_model_id: string; id: string; ... 6 more ...; unit_cost: number; }; Insert: { ...; }; Update: { ...; }; Relationships: [...]; }; ... 36 more ...; whatsapp_messages: { ...; }; }; Views: { ...; }; Functions: { ...; }; Enums: { ...; }; CompositeTypes: {}; }, { ...; } | ... 1 more ... | { ...; }, "bike_models_public" | ... 1 more ... | "bike_model_parts_public", [] | [...]>', gave the following error.
    Argument of type '"os_pagamentos"' is not assignable to parameter of type '"bike_models_public" | "parts_public" | "bike_model_parts_public"'.
src/pages/Mecanica.tsx(243,31): error TS2769: No overload matches this call.
  Overload 1 of 2, '(relation: "bike_models" | "parts" | "tenants" | "mechanics" | "service_orders" | "cash_registers" | "sales" | "employees" | "internal_calls" | "mechanic_jobs" | "customers" | "tenant_members" | ... 25 more ... | "whatsapp_messages"): PostgrestQueryBuilder<...>', gave the following error.
    Argument of type '"os_pagamentos"' is not assignable to parameter of type '"bike_models" | "parts" | "tenants" | "mechanics" | "service_orders" | "cash_registers" | "sales" | "employees" | "internal_calls" | "mechanic_jobs" | "customers" | "tenant_members" | ... 25 more ... | "whatsapp_messages"'.
  Overload 2 of 2, '(relation: "bike_models_public" | "parts_public" | "bike_model_parts_public"): PostgrestQueryBuilder<{ PostgrestVersion: "14.1"; }, { Tables: { bike_model_parts: { Row: { bike_model_id: string; id: string; ... 6 more ...; unit_cost: number; }; Insert: { ...; }; Update: { ...; }; Relationships: [...]; }; ... 36 more ...; whatsapp_messages: { ...; }; }; Views: { ...; }; Functions: { ...; }; Enums: { ...; }; CompositeTypes: {}; }, { ...; } | ... 1 more ... | { ...; }, "bike_models_public" | ... 1 more ... | "bike_model_parts_public", [] | [...]>', gave the following error.
    Argument of type '"os_pagamentos"' is not assignable to parameter of type '"bike_models_public" | "parts_public" | "bike_model_parts_public"'.
src/pages/Mecanica.tsx(244,13): error TS2353: Object literal may only specify known properties, and 'valor_total' does not exist in type '{ bike_model_id?: string; id?: string; notes?: string; part_id?: string; part_name_override?: string; quantity?: number; sort_order?: number; tenant_id?: string; unit_cost?: number; } | { alert_stock?: number; ... 29 more ...; weight_kg?: number; } | ... 35 more ... | { ...; }'.
src/pages/Mecanica.tsx(244,40): error TS2339: Property 'valor_total' does not exist on type '{ audio_duration: number; audio_url: string; created_at: string; created_by: string; created_by_name: string; id: string; message: string; target_role: string; target_type: string; target_user_id: string; tenant_id: string; } | ... 36 more ... | { ...; }'.
  Property 'valor_total' does not exist on type '{ audio_duration: number; audio_url: string; created_at: string; created_by: string; created_by_name: string; id: string; message: string; target_role: string; target_type: string; target_user_id: string; tenant_id: string; }'.
src/pages/Mecanica.tsx(245,43): error TS2339: Property 'valor_restante' does not exist on type '{ audio_duration: number; audio_url: string; created_at: string; created_by: string; created_by_name: string; id: string; message: string; target_role: string; target_type: string; target_user_id: string; tenant_id: string; } | ... 36 more ... | { ...; }'.
  Property 'valor_restante' does not exist on type '{ audio_duration: number; audio_url: string; created_at: string; created_by: string; created_by_name: string; id: string; message: string; target_role: string; target_type: string; target_user_id: string; tenant_id: string; }'.
src/pages/Mecanica.tsx(503,17): error TS2769: No overload matches this call.
  Overload 1 of 2, '(relation: "bike_models" | "parts" | "tenants" | "mechanics" | "service_orders" | "cash_registers" | "sales" | "employees" | "internal_calls" | "mechanic_jobs" | "customers" | "tenant_members" | ... 25 more ... | "whatsapp_messages"): PostgrestQueryBuilder<...>', gave the following error.
    Argument of type '"os_pagamentos"' is not assignable to parameter of type '"bike_models" | "parts" | "tenants" | "mechanics" | "service_orders" | "cash_registers" | "sales" | "employees" | "internal_calls" | "mechanic_jobs" | "customers" | "tenant_members" | ... 25 more ... | "whatsapp_messages"'.
  Overload 2 of 2, '(relation: "bike_models_public" | "parts_public" | "bike_model_parts_public"): PostgrestQueryBuilder<{ PostgrestVersion: "14.1"; }, { Tables: { bike_model_parts: { Row: { bike_model_id: string; id: string; ... 6 more ...; unit_cost: number; }; Insert: { ...; }; Update: { ...; }; Relationships: [...]; }; ... 36 more ...; whatsapp_messages: { ...; }; }; Views: { ...; }; Functions: { ...; }; Enums: { ...; }; CompositeTypes: {}; }, { ...; } | ... 1 more ... | { ...; }, "bike_models_public" | ... 1 more ... | "bike_model_parts_public", [] | [...]>', gave the following error.
    Argument of type '"os_pagamentos"' is not assignable to parameter of type '"bike_models_public" | "parts_public" | "bike_model_parts_public"'.
src/pages/Mecanica.tsx(509,31): error TS2769: No overload matches this call.
  Overload 1 of 2, '(relation: "bike_models" | "parts" | "tenants" | "mechanics" | "service_orders" | "cash_registers" | "sales" | "employees" | "internal_calls" | "mechanic_jobs" | "customers" | "tenant_members" | ... 25 more ... | "whatsapp_messages"): PostgrestQueryBuilder<...>', gave the following error.
    Argument of type '"os_pagamentos"' is not assignable to parameter of type '"bike_models" | "parts" | "tenants" | "mechanics" | "service_orders" | "cash_registers" | "sales" | "employees" | "internal_calls" | "mechanic_jobs" | "customers" | "tenant_members" | ... 25 more ... | "whatsapp_messages"'.
  Overload 2 of 2, '(relation: "bike_models_public" | "parts_public" | "bike_model_parts_public"): PostgrestQueryBuilder<{ PostgrestVersion: "14.1"; }, { Tables: { bike_model_parts: { Row: { bike_model_id: string; id: string; ... 6 more ...; unit_cost: number; }; Insert: { ...; }; Update: { ...; }; Relationships: [...]; }; ... 36 more ...; whatsapp_messages: { ...; }; }; Views: { ...; }; Functions: { ...; }; Enums: { ...; }; CompositeTypes: {}; }, { ...; } | ... 1 more ... | { ...; }, "bike_models_public" | ... 1 more ... | "bike_model_parts_public", [] | [...]>', gave the following error.
    Argument of type '"os_pagamentos"' is not assignable to parameter of type '"bike_models_public" | "parts_public" | "bike_model_parts_public"'.
src/pages/Mecanica.tsx(510,13): error TS2353: Object literal may only specify known properties, and 'valor_total' does not exist in type '{ bike_model_id?: string; id?: string; notes?: string; part_id?: string; part_name_override?: string; quantity?: number; sort_order?: number; tenant_id?: string; unit_cost?: number; } | { alert_stock?: number; ... 29 more ...; weight_kg?: number; } | ... 35 more ... | { ...; }'.
src/pages/Mecanica.tsx(510,40): error TS2339: Property 'valor_total' does not exist on type '{ audio_duration: number; audio_url: string; created_at: string; created_by: string; created_by_name: string; id: string; message: string; target_role: string; target_type: string; target_user_id: string; tenant_id: string; } | ... 36 more ... | { ...; }'.
  Property 'valor_total' does not exist on type '{ audio_duration: number; audio_url: string; created_at: string; created_by: string; created_by_name: string; id: string; message: string; target_role: string; target_type: string; target_user_id: string; tenant_id: string; }'.
src/pages/Mecanica.tsx(511,43): error TS2339: Property 'valor_restante' does not exist on type '{ audio_duration: number; audio_url: string; created_at: string; created_by: string; created_by_name: string; id: string; message: string; target_role: string; target_type: string; target_user_id: string; tenant_id: string; } | ... 36 more ... | { ...; }'.
  Property 'valor_restante' does not exist on type '{ audio_duration: number; audio_url: string; created_at: string; created_by: string; created_by_name: string; id: string; message: string; target_role: string; target_type: string; target_user_id: string; tenant_id: string; }'.
src/pages/Mecanica.tsx(1624,51): error TS2352: Conversion of type 'SelectQueryError<"Invalid Relationships cannot infer result type"> | SelectQueryError<"Invalid RelationName cannot infer result type">' to type 'MechanicJobPaymentHistory' may be a mistake because neither type sufficiently overlaps with the other. If this was intentional, convert the expression to 'unknown' first.
  Type '{ error: true; } & String' is missing the following properties from type 'MechanicJobPaymentHistory': id, os_id, valor, tipo, and 4 more.
src/pages/Mecanica.tsx(1686,23): error TS2339: Property 'code' does not exist on type 'MechanicJob'.
src/pages/Orcamentos.tsx(319,28): error TS2339: Property 'id' does not exist on type '{ job: MechanicJob; initialPaymentHistory: any; }'.
src/pages/PDV.tsx(450,17): error TS2304: Cannot find name 'updateCustomer'.
src/pages/ProdutoPublico.tsx(22,10): error TS2305: Module '"@/hooks/useCart"' has no exported member 'CartDrawer'.
src/pages/SimuladorFreteTabela.tsx(92,15): error TS2769: No overload matches this call.
  Overload 1 of 2, '(relation: "bike_models" | "parts" | "tenants" | "mechanics" | "service_orders" | "cash_registers" | "sales" | "employees" | "internal_calls" | "mechanic_jobs" | "customers" | "tenant_members" | ... 25 more ... | "whatsapp_messages"): PostgrestQueryBuilder<...>', gave the following error.
    Argument of type '"frete_tabela_rodonaves"' is not assignable to parameter of type '"bike_models" | "parts" | "tenants" | "mechanics" | "service_orders" | "cash_registers" | "sales" | "employees" | "internal_calls" | "mechanic_jobs" | "customers" | "tenant_members" | ... 25 more ... | "whatsapp_messages"'.
  Overload 2 of 2, '(relation: "bike_models_public" | "parts_public" | "bike_model_parts_public"): PostgrestQueryBuilder<{ PostgrestVersion: "14.1"; }, { Tables: { bike_model_parts: { Row: { bike_model_id: string; id: string; ... 6 more ...; unit_cost: number; }; Insert: { ...; }; Update: { ...; }; Relationships: [...]; }; ... 36 more ...; whatsapp_messages: { ...; }; }; Views: { ...; }; Functions: { ...; }; Enums: { ...; }; CompositeTypes: {}; }, { ...; } | ... 1 more ... | { ...; }, "bike_models_public" | ... 1 more ... | "bike_model_parts_public", [] | [...]>', gave the following error.
    Argument of type '"frete_tabela_rodonaves"' is not assignable to parameter of type '"bike_models_public" | "parts_public" | "bike_model_parts_public"'.
src/pages/SimuladorFreteTabela.tsx(104,20): error TS2352: Conversion of type '{ audio_duration: number; audio_url: string; created_at: string; created_by: string; created_by_name: string; id: string; message: string; target_role: string; target_type: string; target_user_id: string; tenant_id: string; } | ... 36 more ... | { ...; }' to type 'FreightRule' may be a mistake because neither type sufficiently overlaps with the other. If this was intentional, convert the expression to 'unknown' first.
  Type '{ content: string; conversation_id: string; created_at: string; from_me: boolean; id: string; media_url: string; message_id: string; status: string; tenant_id: string; type: string; }' is missing the following properties from type 'FreightRule': cep_ini, cep_fim, cidade, uf, and 13 more.
